[     163ms] [LOG] [posts] 已扫描到文章: 2 篇 @ http://localhost:4300/blog/assets/index-D2lQX0ms.js:596
[     189ms] [ERROR] highlight.js not detected! @ http://localhost:4300/blog/assets/index-D2lQX0ms.js:929
[     234ms] [LOG] [posts] /posts/algorithm/001-two-sum/index.md → slug: algorithm/two-sum @ http://localhost:4300/blog/assets/index-D2lQX0ms.js:596
[     234ms] [LOG] [posts] /posts/algorithm/002-reverse-linked-list/index.md → slug: algorithm/reverse-linked-list @ http://localhost:4300/blog/assets/index-D2lQX0ms.js:596
[     234ms] [LOG] [posts] /posts/algorithm/001-two-sum/index.md → slug: algorithm/two-sum @ http://localhost:4300/blog/assets/index-D2lQX0ms.js:596
[     235ms] [LOG] [posts] /posts/algorithm/002-reverse-linked-list/index.md → slug: algorithm/reverse-linked-list @ http://localhost:4300/blog/assets/index-D2lQX0ms.js:596
[     305ms] [ERROR] Failed to load resource: the server responded with a status of 404 (Not Found) @ http://localhost:4300/blog/favicon.ico:0
[  118644ms] [LOG] [posts] 已扫描到文章: 2 篇 @ http://localhost:4300/blog/assets/index-D2lQX0ms.js:596
[  118655ms] [ERROR] highlight.js not detected! @ http://localhost:4300/blog/assets/index-D2lQX0ms.js:929
[  118671ms] [LOG] [posts] /posts/algorithm/001-two-sum/index.md → slug: algorithm/two-sum @ http://localhost:4300/blog/assets/index-D2lQX0ms.js:596
[  118672ms] [LOG] [posts] /posts/algorithm/002-reverse-linked-list/index.md → slug: algorithm/reverse-linked-list @ http://localhost:4300/blog/assets/index-D2lQX0ms.js:596
[  118672ms] [LOG] [posts] /posts/algorithm/001-two-sum/index.md → slug: algorithm/two-sum @ http://localhost:4300/blog/assets/index-D2lQX0ms.js:596
[  118672ms] [LOG] [posts] /posts/algorithm/002-reverse-linked-list/index.md → slug: algorithm/reverse-linked-list @ http://localhost:4300/blog/assets/index-D2lQX0ms.js:596
[  150594ms] [LOG] [posts] 已扫描到文章: 2 篇 @ http://localhost:4300/blog/assets/index-D2lQX0ms.js:596
[  150603ms] [ERROR] highlight.js not detected! @ http://localhost:4300/blog/assets/index-D2lQX0ms.js:929
[  150606ms] [LOG] [posts] /posts/algorithm/001-two-sum/index.md → slug: algorithm/two-sum @ http://localhost:4300/blog/assets/index-D2lQX0ms.js:596
[  150607ms] [LOG] [posts] /posts/algorithm/002-reverse-linked-list/index.md → slug: algorithm/reverse-linked-list @ http://localhost:4300/blog/assets/index-D2lQX0ms.js:596
[  150607ms] [LOG] [posts] /posts/algorithm/001-two-sum/index.md → slug: algorithm/two-sum @ http://localhost:4300/blog/assets/index-D2lQX0ms.js:596
[  150607ms] [LOG] [posts] /posts/algorithm/002-reverse-linked-list/index.md → slug: algorithm/reverse-linked-list @ http://localhost:4300/blog/assets/index-D2lQX0ms.js:596
[  151917ms] [LOG] [posts] /posts/algorithm/001-two-sum/index.md → slug: algorithm/two-sum @ http://localhost:4300/blog/assets/index-D2lQX0ms.js:596
[  151917ms] [LOG] [posts] /posts/algorithm/002-reverse-linked-list/index.md → slug: algorithm/reverse-linked-list @ http://localhost:4300/blog/assets/index-D2lQX0ms.js:596
[  151918ms] [LOG] [posts] /posts/algorithm/001-two-sum/index.md → slug: algorithm/two-sum @ http://localhost:4300/blog/assets/index-D2lQX0ms.js:596
[  151918ms] [LOG] [posts] /posts/algorithm/002-reverse-linked-list/index.md → slug: algorithm/reverse-linked-list @ http://localhost:4300/blog/assets/index-D2lQX0ms.js:596
[  151919ms] [LOG] [posts] /posts/algorithm/001-two-sum/index.md → slug: algorithm/two-sum @ http://localhost:4300/blog/assets/index-D2lQX0ms.js:596
[  151919ms] [LOG] [posts] /posts/algorithm/002-reverse-linked-list/index.md → slug: algorithm/reverse-linked-list @ http://localhost:4300/blog/assets/index-D2lQX0ms.js:596
[  154953ms] [LOG] [posts] /posts/algorithm/001-two-sum/index.md → slug: algorithm/two-sum @ http://localhost:4300/blog/assets/index-D2lQX0ms.js:596
[  154953ms] [LOG] [posts] /posts/algorithm/002-reverse-linked-list/index.md → slug: algorithm/reverse-linked-list @ http://localhost:4300/blog/assets/index-D2lQX0ms.js:596
[  154953ms] [LOG] [posts] /posts/algorithm/001-two-sum/index.md → slug: algorithm/two-sum @ http://localhost:4300/blog/assets/index-D2lQX0ms.js:596
[  154953ms] [LOG] [posts] /posts/algorithm/002-reverse-linked-list/index.md → slug: algorithm/reverse-linked-list @ http://localhost:4300/blog/assets/index-D2lQX0ms.js:596
[  225090ms] [LOG] [posts] 已扫描到文章: 2 篇 @ http://localhost:4300/blog/assets/index-Cqaa_emO.js:596
[  225111ms] [ERROR] highlight.js not detected! @ http://localhost:4300/blog/assets/index-Cqaa_emO.js:929
[  225119ms] [LOG] [posts] /posts/algorithm/001-two-sum/index.md → slug: algorithm/two-sum @ http://localhost:4300/blog/assets/index-Cqaa_emO.js:596
[  225120ms] [LOG] [posts] /posts/algorithm/002-reverse-linked-list/index.md → slug: algorithm/reverse-linked-list @ http://localhost:4300/blog/assets/index-Cqaa_emO.js:596
[  225120ms] [LOG] [posts] /posts/algorithm/001-two-sum/index.md → slug: algorithm/two-sum @ http://localhost:4300/blog/assets/index-Cqaa_emO.js:596
[  225120ms] [LOG] [posts] /posts/algorithm/002-reverse-linked-list/index.md → slug: algorithm/reverse-linked-list @ http://localhost:4300/blog/assets/index-Cqaa_emO.js:596
[  225143ms] [LOG] [posts] /posts/algorithm/001-two-sum/index.md → slug: algorithm/two-sum @ http://localhost:4300/blog/assets/index-Cqaa_emO.js:596
[  225143ms] [LOG] [posts] /posts/algorithm/002-reverse-linked-list/index.md → slug: algorithm/reverse-linked-list @ http://localhost:4300/blog/assets/index-Cqaa_emO.js:596
[  225143ms] [LOG] [posts] /posts/algorithm/001-two-sum/index.md → slug: algorithm/two-sum @ http://localhost:4300/blog/assets/index-Cqaa_emO.js:596
[  225143ms] [LOG] [posts] /posts/algorithm/002-reverse-linked-list/index.md → slug: algorithm/reverse-linked-list @ http://localhost:4300/blog/assets/index-Cqaa_emO.js:596
[  225147ms] [ERROR] TypeError: r.text is not a function
Please report this to https://github.com/markedjs/marked.
    at Gg.parseInline (http://localhost:4300/blog/assets/index-Cqaa_emO.js:663:3273)
    at Object.heading (http://localhost:4300/blog/assets/index-Cqaa_emO.js:933:636)
    at Gg.parse (http://localhost:4300/blog/assets/index-Cqaa_emO.js:663:1948)
    at parse (http://localhost:4300/blog/assets/index-Cqaa_emO.js:663:1360)
    at x4.parse (http://localhost:4300/blog/assets/index-Cqaa_emO.js:663:8569)
    at Dt [as parse] (http://localhost:4300/blog/assets/index-Cqaa_emO.js:664:239)
    at E7 (http://localhost:4300/blog/assets/index-Cqaa_emO.js:933:2864)
    at Sd (http://localhost:4300/blog/assets/index-Cqaa_emO.js:48:48309)
    at Bd (http://localhost:4300/blog/assets/index-Cqaa_emO.js:48:71144)
    at Vh (http://localhost:4300/blog/assets/index-Cqaa_emO.js:48:81520) @ http://localhost:4300/blog/assets/index-Cqaa_emO.js:47
[  225147ms] [ERROR] [ErrorBoundary] 捕获到渲染错误： TypeError: r.text is not a function
Please report this to https://github.com/markedjs/marked.
    at Gg.parseInline (http://localhost:4300/blog/assets/index-Cqaa_emO.js:663:3273)
    at Object.heading (http://localhost:4300/blog/assets/index-Cqaa_emO.js:933:636)
    at Gg.parse (http://localhost:4300/blog/assets/index-Cqaa_emO.js:663:1948)
    at parse (http://localhost:4300/blog/assets/index-Cqaa_emO.js:663:1360)
    at x4.parse (http://localhost:4300/blog/assets/index-Cqaa_emO.js:663:8569)
    at Dt [as parse] (http://localhost:4300/blog/assets/index-Cqaa_emO.js:664:239)
    at E7 (http://localhost:4300/blog/assets/index-Cqaa_emO.js:933:2864)
    at Sd (http://localhost:4300/blog/assets/index-Cqaa_emO.js:48:48309)
    at Bd (http://localhost:4300/blog/assets/index-Cqaa_emO.js:48:71144)
    at Vh (http://localhost:4300/blog/assets/index-Cqaa_emO.js:48:81520) @ http://localhost:4300/blog/assets/index-Cqaa_emO.js:59
[  225147ms] [ERROR] [ErrorBoundary] 组件堆栈： 
    at E7 (http://localhost:4300/blog/assets/index-Cqaa_emO.js:933:2828)
    at article (<anonymous>)
    at div (<anonymous>)
    at O7 (http://localhost:4300/blog/assets/index-Cqaa_emO.js:952:1108)
    at uD (http://localhost:4300/blog/assets/index-Cqaa_emO.js:60:4271)
    at hD (http://localhost:4300/blog/assets/index-Cqaa_emO.js:60:7410)
    at QM (http://localhost:4300/blog/assets/index-Cqaa_emO.js:60:47439)
    at main (<anonymous>)
    at div (<anonymous>)
    at UN (http://localhost:4300/blog/assets/index-Cqaa_emO.js:60:40650)
    at XM (<anonymous>)
    at uD (http://localhost:4300/blog/assets/index-Cqaa_emO.js:60:4271)
    at TD (http://localhost:4300/blog/assets/index-Cqaa_emO.js:60:8487)
    at bD (http://localhost:4300/blog/assets/index-Cqaa_emO.js:60:7598)
    at VD (http://localhost:4300/blog/assets/index-Cqaa_emO.js:60:17566)
    at UN (http://localhost:4300/blog/assets/index-Cqaa_emO.js:60:40650)
    at ji (http://localhost:4300/blog/assets/index-Cqaa_emO.js:60:32874)
    at I7 (<anonymous>) @ http://localhost:4300/blog/assets/index-Cqaa_emO.js:59
[  227023ms] [LOG] [posts] 已扫描到文章: 2 篇 @ http://localhost:4300/blog/assets/index-Cqaa_emO.js:596
[  227028ms] [ERROR] highlight.js not detected! @ http://localhost:4300/blog/assets/index-Cqaa_emO.js:929
[  227042ms] [LOG] [posts] /posts/algorithm/001-two-sum/index.md → slug: algorithm/two-sum @ http://localhost:4300/blog/assets/index-Cqaa_emO.js:596
[  227043ms] [LOG] [posts] /posts/algorithm/002-reverse-linked-list/index.md → slug: algorithm/reverse-linked-list @ http://localhost:4300/blog/assets/index-Cqaa_emO.js:596
[  227043ms] [LOG] [posts] /posts/algorithm/001-two-sum/index.md → slug: algorithm/two-sum @ http://localhost:4300/blog/assets/index-Cqaa_emO.js:596
[  227043ms] [LOG] [posts] /posts/algorithm/002-reverse-linked-list/index.md → slug: algorithm/reverse-linked-list @ http://localhost:4300/blog/assets/index-Cqaa_emO.js:596
[  227046ms] [LOG] [posts] /posts/algorithm/001-two-sum/index.md → slug: algorithm/two-sum @ http://localhost:4300/blog/assets/index-Cqaa_emO.js:596
[  227046ms] [LOG] [posts] /posts/algorithm/002-reverse-linked-list/index.md → slug: algorithm/reverse-linked-list @ http://localhost:4300/blog/assets/index-Cqaa_emO.js:596
[  227046ms] [LOG] [posts] /posts/algorithm/001-two-sum/index.md → slug: algorithm/two-sum @ http://localhost:4300/blog/assets/index-Cqaa_emO.js:596
[  227047ms] [LOG] [posts] /posts/algorithm/002-reverse-linked-list/index.md → slug: algorithm/reverse-linked-list @ http://localhost:4300/blog/assets/index-Cqaa_emO.js:596
[  227049ms] [ERROR] TypeError: r.text is not a function
Please report this to https://github.com/markedjs/marked.
    at Gg.parseInline (http://localhost:4300/blog/assets/index-Cqaa_emO.js:663:3273)
    at Object.heading (http://localhost:4300/blog/assets/index-Cqaa_emO.js:933:636)
    at Gg.parse (http://localhost:4300/blog/assets/index-Cqaa_emO.js:663:1948)
    at parse (http://localhost:4300/blog/assets/index-Cqaa_emO.js:663:1360)
    at x4.parse (http://localhost:4300/blog/assets/index-Cqaa_emO.js:663:8569)
    at Dt [as parse] (http://localhost:4300/blog/assets/index-Cqaa_emO.js:664:239)
    at E7 (http://localhost:4300/blog/assets/index-Cqaa_emO.js:933:2864)
    at Sd (http://localhost:4300/blog/assets/index-Cqaa_emO.js:48:48309)
    at Bd (http://localhost:4300/blog/assets/index-Cqaa_emO.js:48:71144)
    at Vh (http://localhost:4300/blog/assets/index-Cqaa_emO.js:48:81520) @ http://localhost:4300/blog/assets/index-Cqaa_emO.js:47
[  227049ms] [ERROR] [ErrorBoundary] 捕获到渲染错误： TypeError: r.text is not a function
Please report this to https://github.com/markedjs/marked.
    at Gg.parseInline (http://localhost:4300/blog/assets/index-Cqaa_emO.js:663:3273)
    at Object.heading (http://localhost:4300/blog/assets/index-Cqaa_emO.js:933:636)
    at Gg.parse (http://localhost:4300/blog/assets/index-Cqaa_emO.js:663:1948)
    at parse (http://localhost:4300/blog/assets/index-Cqaa_emO.js:663:1360)
    at x4.parse (http://localhost:4300/blog/assets/index-Cqaa_emO.js:663:8569)
    at Dt [as parse] (http://localhost:4300/blog/assets/index-Cqaa_emO.js:664:239)
    at E7 (http://localhost:4300/blog/assets/index-Cqaa_emO.js:933:2864)
    at Sd (http://localhost:4300/blog/assets/index-Cqaa_emO.js:48:48309)
    at Bd (http://localhost:4300/blog/assets/index-Cqaa_emO.js:48:71144)
    at Vh (http://localhost:4300/blog/assets/index-Cqaa_emO.js:48:81520) @ http://localhost:4300/blog/assets/index-Cqaa_emO.js:59
[  227049ms] [ERROR] [ErrorBoundary] 组件堆栈： 
    at E7 (http://localhost:4300/blog/assets/index-Cqaa_emO.js:933:2828)
    at article (<anonymous>)
    at div (<anonymous>)
    at O7 (http://localhost:4300/blog/assets/index-Cqaa_emO.js:952:1108)
    at uD (http://localhost:4300/blog/assets/index-Cqaa_emO.js:60:4271)
    at hD (http://localhost:4300/blog/assets/index-Cqaa_emO.js:60:7410)
    at QM (http://localhost:4300/blog/assets/index-Cqaa_emO.js:60:47439)
    at main (<anonymous>)
    at div (<anonymous>)
    at UN (http://localhost:4300/blog/assets/index-Cqaa_emO.js:60:40650)
    at XM (<anonymous>)
    at uD (http://localhost:4300/blog/assets/index-Cqaa_emO.js:60:4271)
    at TD (http://localhost:4300/blog/assets/index-Cqaa_emO.js:60:8487)
    at bD (http://localhost:4300/blog/assets/index-Cqaa_emO.js:60:7598)
    at VD (http://localhost:4300/blog/assets/index-Cqaa_emO.js:60:17566)
    at UN (http://localhost:4300/blog/assets/index-Cqaa_emO.js:60:40650)
    at ji (http://localhost:4300/blog/assets/index-Cqaa_emO.js:60:32874)
    at I7 (<anonymous>) @ http://localhost:4300/blog/assets/index-Cqaa_emO.js:59
[  230377ms] [ERROR] Failed to load resource: the server responded with a status of 404 (Not Found) @ http://localhost:4300/blog:0
[  230383ms] [ERROR] Failed to load resource: the server responded with a status of 404 (Not Found) @ http://localhost:4300/favicon.ico:0
