[     132ms] [LOG] [posts] 已扫描到文章: 1 篇 @ http://localhost:4186/blog/assets/index-DRep7fCF.js:168
[     147ms] [ERROR] Failed to load resource: the server responded with a status of 404 (Not Found) @ http://localhost:4186/blog/favicon.ico:0
[    8926ms] [LOG] [posts] 已扫描到文章: 1 篇 @ http://localhost:4186/blog/assets/index-DRep7fCF.js:168
[   18492ms] [LOG] [posts] 已扫描到文章: 1 篇 @ http://localhost:4186/blog/assets/index-DRep7fCF.js:168
[   32505ms] [LOG] [posts] 已扫描到文章: 1 篇 @ http://localhost:4186/blog/assets/index-DRep7fCF.js:168
[   43164ms] [LOG] [posts] 已扫描到文章: 1 篇 @ http://localhost:4186/blog/assets/index-DRep7fCF.js:168
[   93505ms] [LOG] [posts] 已扫描到文章: 1 篇 @ http://localhost:4186/blog/assets/index-DRep7fCF.js:168
[  118094ms] [LOG] [posts] 已扫描到文章: 1 篇 @ http://localhost:4186/blog/assets/index-C8bGj-OZ.js:168
[  127439ms] [LOG] [posts] 已扫描到文章: 1 篇 @ http://localhost:4186/blog/assets/index-C8bGj-OZ.js:168
[  128007ms] [LOG] [posts] 已扫描到文章: 1 篇 @ http://localhost:4186/blog/assets/index-C8bGj-OZ.js:168
[  128541ms] [LOG] [posts] 已扫描到文章: 1 篇 @ http://localhost:4186/blog/assets/index-C8bGj-OZ.js:168
[  144453ms] [LOG] [posts] 已扫描到文章: 1 篇 @ http://localhost:4185/blog/assets/index-CL7ltE4y.js:168
[  148105ms] [LOG] [posts] 已扫描到文章: 1 篇 @ http://localhost:4186/blog/assets/index-C8bGj-OZ.js:168
[  149014ms] [LOG] [posts] 已扫描到文章: 1 篇 @ http://localhost:4186/blog/assets/index-C8bGj-OZ.js:168
[  149462ms] [LOG] [posts] 已扫描到文章: 1 篇 @ http://localhost:4186/blog/assets/index-C8bGj-OZ.js:168
[  149589ms] [LOG] [posts] 已扫描到文章: 1 篇 @ http://localhost:4186/blog/assets/index-C8bGj-OZ.js:168
[  149763ms] [LOG] [posts] 已扫描到文章: 1 篇 @ http://localhost:4186/blog/assets/index-C8bGj-OZ.js:168
[  149888ms] [LOG] [posts] 已扫描到文章: 1 篇 @ http://localhost:4186/blog/assets/index-C8bGj-OZ.js:168
[  150723ms] [LOG] [posts] 已扫描到文章: 1 篇 @ http://localhost:4186/blog/assets/index-C8bGj-OZ.js:168
[  150840ms] [LOG] [posts] 已扫描到文章: 1 篇 @ http://localhost:4186/blog/assets/index-C8bGj-OZ.js:168
[  150976ms] [LOG] [posts] 已扫描到文章: 1 篇 @ http://localhost:4186/blog/assets/index-C8bGj-OZ.js:168
[  151128ms] [LOG] [posts] 已扫描到文章: 1 篇 @ http://localhost:4186/blog/assets/index-C8bGj-OZ.js:168
[  151257ms] [LOG] [posts] 已扫描到文章: 1 篇 @ http://localhost:4186/blog/assets/index-C8bGj-OZ.js:168
[  151379ms] [LOG] [posts] 已扫描到文章: 1 篇 @ http://localhost:4186/blog/assets/index-C8bGj-OZ.js:168
[  151528ms] [LOG] [posts] 已扫描到文章: 1 篇 @ http://localhost:4186/blog/assets/index-C8bGj-OZ.js:168
