[     134ms] [LOG] [posts] 已扫描到文章: 1 篇 @ http://localhost:4195/blog/assets/index-C6NYj7RQ.js:168
[     141ms] [LOG] [Post] 模块已加载 @ http://localhost:4195/blog/assets/index-C6NYj7RQ.js:499
[     147ms] [LOG] [Post] useParams slug: algorithm/two-sum @ http://localhost:4195/blog/assets/index-C6NYj7RQ.js:499
[     149ms] [LOG] [posts] /posts/algorithm/001-two-sum/index.md → slug: algorithm/two-sum @ http://localhost:4195/blog/assets/index-C6NYj7RQ.js:168
[     150ms] [LOG] [Post] getPostBySlug result: algorithm/two-sum @ http://localhost:4195/blog/assets/index-C6NYj7RQ.js:499
[     150ms] [LOG] [posts] /posts/algorithm/001-two-sum/index.md → slug: algorithm/two-sum @ http://localhost:4195/blog/assets/index-C6NYj7RQ.js:168
[     150ms] [LOG] [Post] all posts slugs: [algorithm/two-sum] @ http://localhost:4195/blog/assets/index-C6NYj7RQ.js:499
[     151ms] [LOG] [posts] /posts/algorithm/001-two-sum/index.md → slug: algorithm/two-sum @ http://localhost:4195/blog/assets/index-C6NYj7RQ.js:168
[     167ms] [LOG] [Post] useParams slug: algorithm/two-sum @ http://localhost:4195/blog/assets/index-C6NYj7RQ.js:499
[     167ms] [LOG] [posts] /posts/algorithm/001-two-sum/index.md → slug: algorithm/two-sum @ http://localhost:4195/blog/assets/index-C6NYj7RQ.js:168
[     167ms] [LOG] [Post] getPostBySlug result: algorithm/two-sum @ http://localhost:4195/blog/assets/index-C6NYj7RQ.js:499
[     167ms] [LOG] [posts] /posts/algorithm/001-two-sum/index.md → slug: algorithm/two-sum @ http://localhost:4195/blog/assets/index-C6NYj7RQ.js:168
[     167ms] [LOG] [Post] all posts slugs: [algorithm/two-sum] @ http://localhost:4195/blog/assets/index-C6NYj7RQ.js:499
[     167ms] [LOG] [posts] /posts/algorithm/001-two-sum/index.md → slug: algorithm/two-sum @ http://localhost:4195/blog/assets/index-C6NYj7RQ.js:168
[     173ms] [ERROR] Error: `runSync` finished async. Use `run` instead
    at Zb (http://localhost:4195/blog/assets/index-C6NYj7RQ.js:186:11441)
    at s.runSync (http://localhost:4195/blog/assets/index-C6NYj7RQ.js:186:9644)
    at TR (http://localhost:4195/blog/assets/index-C6NYj7RQ.js:186:13091)
    at Mh (http://localhost:4195/blog/assets/index-C6NYj7RQ.js:49:48606)
    at td (http://localhost:4195/blog/assets/index-C6NYj7RQ.js:49:71479)
    at C3 (http://localhost:4195/blog/assets/index-C6NYj7RQ.js:49:81871)
    at n6 (http://localhost:4195/blog/assets/index-C6NYj7RQ.js:49:117743)
    at H_ (http://localhost:4195/blog/assets/index-C6NYj7RQ.js:49:116783)
    at xd (http://localhost:4195/blog/assets/index-C6NYj7RQ.js:49:116613)
    at K3 (http://localhost:4195/blog/assets/index-C6NYj7RQ.js:49:113386) @ http://localhost:4195/blog/assets/index-C6NYj7RQ.js:48
[     173ms] [ERROR] [ErrorBoundary] 捕获到渲染错误： Error: `runSync` finished async. Use `run` instead
    at Zb (http://localhost:4195/blog/assets/index-C6NYj7RQ.js:186:11441)
    at s.runSync (http://localhost:4195/blog/assets/index-C6NYj7RQ.js:186:9644)
    at TR (http://localhost:4195/blog/assets/index-C6NYj7RQ.js:186:13091)
    at Mh (http://localhost:4195/blog/assets/index-C6NYj7RQ.js:49:48606)
    at td (http://localhost:4195/blog/assets/index-C6NYj7RQ.js:49:71479)
    at C3 (http://localhost:4195/blog/assets/index-C6NYj7RQ.js:49:81871)
    at n6 (http://localhost:4195/blog/assets/index-C6NYj7RQ.js:49:117743)
    at H_ (http://localhost:4195/blog/assets/index-C6NYj7RQ.js:49:116783)
    at xd (http://localhost:4195/blog/assets/index-C6NYj7RQ.js:49:116613)
    at K3 (http://localhost:4195/blog/assets/index-C6NYj7RQ.js:49:113386) @ http://localhost:4195/blog/assets/index-C6NYj7RQ.js:60
[     173ms] [ERROR] [ErrorBoundary] 组件堆栈： 
    at TR (http://localhost:4195/blog/assets/index-C6NYj7RQ.js:186:13065)
    at div (<anonymous>)
    at NV (http://localhost:4195/blog/assets/index-C6NYj7RQ.js:481:4866)
    at div (<anonymous>)
    at article (<anonymous>)
    at div (<anonymous>)
    at UV (http://localhost:4195/blog/assets/index-C6NYj7RQ.js:500:1146)
    at FA (http://localhost:4195/blog/assets/index-C6NYj7RQ.js:61:4271)
    at YA (http://localhost:4195/blog/assets/index-C6NYj7RQ.js:61:7410)
    at xC (http://localhost:4195/blog/assets/index-C6NYj7RQ.js:61:48219)
    at main (<anonymous>)
    at div (<anonymous>)
    at kE (http://localhost:4195/blog/assets/index-C6NYj7RQ.js:61:40643)
    at AC (<anonymous>)
    at FA (http://localhost:4195/blog/assets/index-C6NYj7RQ.js:61:4271)
    at $A (http://localhost:4195/blog/assets/index-C6NYj7RQ.js:61:8487)
    at GA (http://localhost:4195/blog/assets/index-C6NYj7RQ.js:61:7598)
    at bS (http://localhost:4195/blog/assets/index-C6NYj7RQ.js:61:17568)
    at kE (http://localhost:4195/blog/assets/index-C6NYj7RQ.js:61:40643)
    at cu (http://localhost:4195/blog/assets/index-C6NYj7RQ.js:61:32867)
    at jV (<anonymous>) @ http://localhost:4195/blog/assets/index-C6NYj7RQ.js:60
[     177ms] [ERROR] Failed to load resource: the server responded with a status of 404 (Not Found) @ http://localhost:4195/blog/favicon.ico:0
