[      92ms] [ERROR] Failed to load resource: the server responded with a status of 404 (Not Found) @ http://localhost:4178/blog/favicon.ico:0
[     387ms] [ERROR] Error: Minified React error #306; visit https://react.dev/errors/306?args[]=undefined&args[]= for the full message or use the non-minified dev environment for full errors and additional helpful warnings.
    at Us (http://localhost:4178/blog/assets/index--L8GUIQd.js:48:81078)
    at fd (http://localhost:4178/blog/assets/index--L8GUIQd.js:48:116870)
    at Ny (http://localhost:4178/blog/assets/index--L8GUIQd.js:48:115916)
    at cf (http://localhost:4178/blog/assets/index--L8GUIQd.js:48:115748)
    at ld (http://localhost:4178/blog/assets/index--L8GUIQd.js:48:112546)
    at Ed (http://localhost:4178/blog/assets/index--L8GUIQd.js:48:124331)
    at MessagePort.me (http://localhost:4178/blog/assets/index--L8GUIQd.js:25:1609) @ http://localhost:4178/blog/assets/index--L8GUIQd.js:47
[     388ms] [ERROR] [ErrorBoundary] 捕获到渲染错误： Error: Minified React error #306; visit https://react.dev/errors/306?args[]=undefined&args[]= for the full message or use the non-minified dev environment for full errors and additional helpful warnings.
    at Us (http://localhost:4178/blog/assets/index--L8GUIQd.js:48:81078)
    at fd (http://localhost:4178/blog/assets/index--L8GUIQd.js:48:116870)
    at Ny (http://localhost:4178/blog/assets/index--L8GUIQd.js:48:115916)
    at cf (http://localhost:4178/blog/assets/index--L8GUIQd.js:48:115748)
    at ld (http://localhost:4178/blog/assets/index--L8GUIQd.js:48:112546)
    at Ed (http://localhost:4178/blog/assets/index--L8GUIQd.js:48:124331)
    at MessagePort.me (http://localhost:4178/blog/assets/index--L8GUIQd.js:25:1609) @ http://localhost:4178/blog/assets/index--L8GUIQd.js:59
[     388ms] [ERROR] [ErrorBoundary] 组件堆栈： 
    at Lazy (<anonymous>)
    at Suspense (<anonymous>)
    at Nv (http://localhost:4178/blog/assets/index--L8GUIQd.js:60:4271)
    at Qv (http://localhost:4178/blog/assets/index--L8GUIQd.js:60:7410)
    at Wg (http://localhost:4178/blog/assets/index--L8GUIQd.js:60:32913)
    at main (<anonymous>)
    at div (<anonymous>)
    at lm (http://localhost:4178/blog/assets/index--L8GUIQd.js:60:28280)
    at Fg (<anonymous>)
    at Nv (http://localhost:4178/blog/assets/index--L8GUIQd.js:60:4271)
    at Vv (http://localhost:4178/blog/assets/index--L8GUIQd.js:60:8487)
    at lm (http://localhost:4178/blog/assets/index--L8GUIQd.js:60:28280)
    at Fl (http://localhost:4178/blog/assets/index--L8GUIQd.js:60:27772)
    at Zv (http://localhost:4178/blog/assets/index--L8GUIQd.js:60:7598)
    at mg (http://localhost:4178/blog/assets/index--L8GUIQd.js:60:17571)
    at e1 (<anonymous>) @ http://localhost:4178/blog/assets/index--L8GUIQd.js:59
[    8826ms] [ERROR] Error: Minified React error #306; visit https://react.dev/errors/306?args[]=undefined&args[]= for the full message or use the non-minified dev environment for full errors and additional helpful warnings.
    at Us (http://localhost:4178/blog/assets/index--L8GUIQd.js:48:81078)
    at fd (http://localhost:4178/blog/assets/index--L8GUIQd.js:48:116870)
    at Ny (http://localhost:4178/blog/assets/index--L8GUIQd.js:48:115916)
    at cf (http://localhost:4178/blog/assets/index--L8GUIQd.js:48:115748)
    at ld (http://localhost:4178/blog/assets/index--L8GUIQd.js:48:112546)
    at Ed (http://localhost:4178/blog/assets/index--L8GUIQd.js:48:124331)
    at MessagePort.me (http://localhost:4178/blog/assets/index--L8GUIQd.js:25:1609) @ http://localhost:4178/blog/assets/index--L8GUIQd.js:47
[    8827ms] [ERROR] [ErrorBoundary] 捕获到渲染错误： Error: Minified React error #306; visit https://react.dev/errors/306?args[]=undefined&args[]= for the full message or use the non-minified dev environment for full errors and additional helpful warnings.
    at Us (http://localhost:4178/blog/assets/index--L8GUIQd.js:48:81078)
    at fd (http://localhost:4178/blog/assets/index--L8GUIQd.js:48:116870)
    at Ny (http://localhost:4178/blog/assets/index--L8GUIQd.js:48:115916)
    at cf (http://localhost:4178/blog/assets/index--L8GUIQd.js:48:115748)
    at ld (http://localhost:4178/blog/assets/index--L8GUIQd.js:48:112546)
    at Ed (http://localhost:4178/blog/assets/index--L8GUIQd.js:48:124331)
    at MessagePort.me (http://localhost:4178/blog/assets/index--L8GUIQd.js:25:1609) @ http://localhost:4178/blog/assets/index--L8GUIQd.js:59
[    8827ms] [ERROR] [ErrorBoundary] 组件堆栈： 
    at Lazy (<anonymous>)
    at Suspense (<anonymous>)
    at Nv (http://localhost:4178/blog/assets/index--L8GUIQd.js:60:4271)
    at Qv (http://localhost:4178/blog/assets/index--L8GUIQd.js:60:7410)
    at Wg (http://localhost:4178/blog/assets/index--L8GUIQd.js:60:32913)
    at main (<anonymous>)
    at div (<anonymous>)
    at lm (http://localhost:4178/blog/assets/index--L8GUIQd.js:60:28280)
    at Fg (<anonymous>)
    at Nv (http://localhost:4178/blog/assets/index--L8GUIQd.js:60:4271)
    at Vv (http://localhost:4178/blog/assets/index--L8GUIQd.js:60:8487)
    at lm (http://localhost:4178/blog/assets/index--L8GUIQd.js:60:28280)
    at Fl (http://localhost:4178/blog/assets/index--L8GUIQd.js:60:27772)
    at Zv (http://localhost:4178/blog/assets/index--L8GUIQd.js:60:7598)
    at mg (http://localhost:4178/blog/assets/index--L8GUIQd.js:60:17571)
    at e1 (<anonymous>) @ http://localhost:4178/blog/assets/index--L8GUIQd.js:59
[    9339ms] [ERROR] Error: Minified React error #306; visit https://react.dev/errors/306?args[]=undefined&args[]= for the full message or use the non-minified dev environment for full errors and additional helpful warnings.
    at Us (http://localhost:4178/blog/assets/index--L8GUIQd.js:48:81078)
    at fd (http://localhost:4178/blog/assets/index--L8GUIQd.js:48:116870)
    at Ny (http://localhost:4178/blog/assets/index--L8GUIQd.js:48:115916)
    at cf (http://localhost:4178/blog/assets/index--L8GUIQd.js:48:115748)
    at ld (http://localhost:4178/blog/assets/index--L8GUIQd.js:48:112546)
    at Ed (http://localhost:4178/blog/assets/index--L8GUIQd.js:48:124331)
    at MessagePort.me (http://localhost:4178/blog/assets/index--L8GUIQd.js:25:1609) @ http://localhost:4178/blog/assets/index--L8GUIQd.js:47
[    9340ms] [ERROR] [ErrorBoundary] 捕获到渲染错误： Error: Minified React error #306; visit https://react.dev/errors/306?args[]=undefined&args[]= for the full message or use the non-minified dev environment for full errors and additional helpful warnings.
    at Us (http://localhost:4178/blog/assets/index--L8GUIQd.js:48:81078)
    at fd (http://localhost:4178/blog/assets/index--L8GUIQd.js:48:116870)
    at Ny (http://localhost:4178/blog/assets/index--L8GUIQd.js:48:115916)
    at cf (http://localhost:4178/blog/assets/index--L8GUIQd.js:48:115748)
    at ld (http://localhost:4178/blog/assets/index--L8GUIQd.js:48:112546)
    at Ed (http://localhost:4178/blog/assets/index--L8GUIQd.js:48:124331)
    at MessagePort.me (http://localhost:4178/blog/assets/index--L8GUIQd.js:25:1609) @ http://localhost:4178/blog/assets/index--L8GUIQd.js:59
[    9340ms] [ERROR] [ErrorBoundary] 组件堆栈： 
    at Lazy (<anonymous>)
    at Suspense (<anonymous>)
    at Nv (http://localhost:4178/blog/assets/index--L8GUIQd.js:60:4271)
    at Qv (http://localhost:4178/blog/assets/index--L8GUIQd.js:60:7410)
    at Wg (http://localhost:4178/blog/assets/index--L8GUIQd.js:60:32913)
    at main (<anonymous>)
    at div (<anonymous>)
    at lm (http://localhost:4178/blog/assets/index--L8GUIQd.js:60:28280)
    at Fg (<anonymous>)
    at Nv (http://localhost:4178/blog/assets/index--L8GUIQd.js:60:4271)
    at Vv (http://localhost:4178/blog/assets/index--L8GUIQd.js:60:8487)
    at lm (http://localhost:4178/blog/assets/index--L8GUIQd.js:60:28280)
    at Fl (http://localhost:4178/blog/assets/index--L8GUIQd.js:60:27772)
    at Zv (http://localhost:4178/blog/assets/index--L8GUIQd.js:60:7598)
    at mg (http://localhost:4178/blog/assets/index--L8GUIQd.js:60:17571)
    at e1 (<anonymous>) @ http://localhost:4178/blog/assets/index--L8GUIQd.js:59
