[     142ms] [ERROR] Failed to load resource: the server responded with a status of 404 (Not Found) @ http://localhost:4181/blog/favicon.ico:0
[     438ms] [ERROR] Error: Minified React error #306; visit https://react.dev/errors/306?args[]=undefined&args[]= for the full message or use the non-minified dev environment for full errors and additional helpful warnings.
    at Kg (http://localhost:4181/blog/assets/index-Dz9KSOtG.js:49:81827)
    at C3 (http://localhost:4181/blog/assets/index-Dz9KSOtG.js:49:117742)
    at VT (http://localhost:4181/blog/assets/index-Dz9KSOtG.js:49:116782)
    at sd (http://localhost:4181/blog/assets/index-Dz9KSOtG.js:49:116612)
    at v3 (http://localhost:4181/blog/assets/index-Dz9KSOtG.js:49:113385)
    at H3 (http://localhost:4181/blog/assets/index-Dz9KSOtG.js:49:125278)
    at MessagePort._e (http://localhost:4181/blog/assets/index-Dz9KSOtG.js:26:1648) @ http://localhost:4181/blog/assets/index-Dz9KSOtG.js:48
[     439ms] [ERROR] [ErrorBoundary] 捕获到渲染错误： Error: Minified React error #306; visit https://react.dev/errors/306?args[]=undefined&args[]= for the full message or use the non-minified dev environment for full errors and additional helpful warnings.
    at Kg (http://localhost:4181/blog/assets/index-Dz9KSOtG.js:49:81827)
    at C3 (http://localhost:4181/blog/assets/index-Dz9KSOtG.js:49:117742)
    at VT (http://localhost:4181/blog/assets/index-Dz9KSOtG.js:49:116782)
    at sd (http://localhost:4181/blog/assets/index-Dz9KSOtG.js:49:116612)
    at v3 (http://localhost:4181/blog/assets/index-Dz9KSOtG.js:49:113385)
    at H3 (http://localhost:4181/blog/assets/index-Dz9KSOtG.js:49:125278)
    at MessagePort._e (http://localhost:4181/blog/assets/index-Dz9KSOtG.js:26:1648) @ http://localhost:4181/blog/assets/index-Dz9KSOtG.js:60
[     439ms] [ERROR] [ErrorBoundary] 组件堆栈： 
    at Lazy (<anonymous>)
    at Suspense (<anonymous>)
    at jx (http://localhost:4181/blog/assets/index-Dz9KSOtG.js:61:4290)
    at Zx (http://localhost:4181/blog/assets/index-Dz9KSOtG.js:61:7441)
    at NS (http://localhost:4181/blog/assets/index-Dz9KSOtG.js:61:47939)
    at main (<anonymous>)
    at div (<anonymous>)
    at V7 (http://localhost:4181/blog/assets/index-Dz9KSOtG.js:61:40742)
    at RS (<anonymous>)
    at jx (http://localhost:4181/blog/assets/index-Dz9KSOtG.js:61:4290)
    at eA (http://localhost:4181/blog/assets/index-Dz9KSOtG.js:61:8522)
    at V7 (http://localhost:4181/blog/assets/index-Dz9KSOtG.js:61:40742)
    at au (http://localhost:4181/blog/assets/index-Dz9KSOtG.js:61:32962)
    at Jx (http://localhost:4181/blog/assets/index-Dz9KSOtG.js:61:7629)
    at AA (http://localhost:4181/blog/assets/index-Dz9KSOtG.js:61:17634)
    at Fq (<anonymous>) @ http://localhost:4181/blog/assets/index-Dz9KSOtG.js:60
[   13203ms] [ERROR] Error: Minified React error #306; visit https://react.dev/errors/306?args[]=undefined&args[]= for the full message or use the non-minified dev environment for full errors and additional helpful warnings.
    at Kg (http://localhost:4181/blog/assets/index-Dz9KSOtG.js:49:81827)
    at C3 (http://localhost:4181/blog/assets/index-Dz9KSOtG.js:49:117742)
    at VT (http://localhost:4181/blog/assets/index-Dz9KSOtG.js:49:116782)
    at sd (http://localhost:4181/blog/assets/index-Dz9KSOtG.js:49:116612)
    at v3 (http://localhost:4181/blog/assets/index-Dz9KSOtG.js:49:113385)
    at H3 (http://localhost:4181/blog/assets/index-Dz9KSOtG.js:49:125278)
    at MessagePort._e (http://localhost:4181/blog/assets/index-Dz9KSOtG.js:26:1648) @ http://localhost:4181/blog/assets/index-Dz9KSOtG.js:48
[   13204ms] [ERROR] [ErrorBoundary] 捕获到渲染错误： Error: Minified React error #306; visit https://react.dev/errors/306?args[]=undefined&args[]= for the full message or use the non-minified dev environment for full errors and additional helpful warnings.
    at Kg (http://localhost:4181/blog/assets/index-Dz9KSOtG.js:49:81827)
    at C3 (http://localhost:4181/blog/assets/index-Dz9KSOtG.js:49:117742)
    at VT (http://localhost:4181/blog/assets/index-Dz9KSOtG.js:49:116782)
    at sd (http://localhost:4181/blog/assets/index-Dz9KSOtG.js:49:116612)
    at v3 (http://localhost:4181/blog/assets/index-Dz9KSOtG.js:49:113385)
    at H3 (http://localhost:4181/blog/assets/index-Dz9KSOtG.js:49:125278)
    at MessagePort._e (http://localhost:4181/blog/assets/index-Dz9KSOtG.js:26:1648) @ http://localhost:4181/blog/assets/index-Dz9KSOtG.js:60
[   13204ms] [ERROR] [ErrorBoundary] 组件堆栈： 
    at Lazy (<anonymous>)
    at Suspense (<anonymous>)
    at jx (http://localhost:4181/blog/assets/index-Dz9KSOtG.js:61:4290)
    at Zx (http://localhost:4181/blog/assets/index-Dz9KSOtG.js:61:7441)
    at NS (http://localhost:4181/blog/assets/index-Dz9KSOtG.js:61:47939)
    at main (<anonymous>)
    at div (<anonymous>)
    at V7 (http://localhost:4181/blog/assets/index-Dz9KSOtG.js:61:40742)
    at RS (<anonymous>)
    at jx (http://localhost:4181/blog/assets/index-Dz9KSOtG.js:61:4290)
    at eA (http://localhost:4181/blog/assets/index-Dz9KSOtG.js:61:8522)
    at V7 (http://localhost:4181/blog/assets/index-Dz9KSOtG.js:61:40742)
    at au (http://localhost:4181/blog/assets/index-Dz9KSOtG.js:61:32962)
    at Jx (http://localhost:4181/blog/assets/index-Dz9KSOtG.js:61:7629)
    at AA (http://localhost:4181/blog/assets/index-Dz9KSOtG.js:61:17634)
    at Fq (<anonymous>) @ http://localhost:4181/blog/assets/index-Dz9KSOtG.js:60
[   35316ms] [ERROR] Error: Minified React error #306; visit https://react.dev/errors/306?args[]=undefined&args[]= for the full message or use the non-minified dev environment for full errors and additional helpful warnings.
    at Kg (http://localhost:4181/blog/assets/index-Dz9KSOtG.js:49:81827)
    at C3 (http://localhost:4181/blog/assets/index-Dz9KSOtG.js:49:117742)
    at VT (http://localhost:4181/blog/assets/index-Dz9KSOtG.js:49:116782)
    at sd (http://localhost:4181/blog/assets/index-Dz9KSOtG.js:49:116612)
    at v3 (http://localhost:4181/blog/assets/index-Dz9KSOtG.js:49:113385)
    at H3 (http://localhost:4181/blog/assets/index-Dz9KSOtG.js:49:125278)
    at MessagePort._e (http://localhost:4181/blog/assets/index-Dz9KSOtG.js:26:1648) @ http://localhost:4181/blog/assets/index-Dz9KSOtG.js:48
[   35317ms] [ERROR] [ErrorBoundary] 捕获到渲染错误： Error: Minified React error #306; visit https://react.dev/errors/306?args[]=undefined&args[]= for the full message or use the non-minified dev environment for full errors and additional helpful warnings.
    at Kg (http://localhost:4181/blog/assets/index-Dz9KSOtG.js:49:81827)
    at C3 (http://localhost:4181/blog/assets/index-Dz9KSOtG.js:49:117742)
    at VT (http://localhost:4181/blog/assets/index-Dz9KSOtG.js:49:116782)
    at sd (http://localhost:4181/blog/assets/index-Dz9KSOtG.js:49:116612)
    at v3 (http://localhost:4181/blog/assets/index-Dz9KSOtG.js:49:113385)
    at H3 (http://localhost:4181/blog/assets/index-Dz9KSOtG.js:49:125278)
    at MessagePort._e (http://localhost:4181/blog/assets/index-Dz9KSOtG.js:26:1648) @ http://localhost:4181/blog/assets/index-Dz9KSOtG.js:60
[   35317ms] [ERROR] [ErrorBoundary] 组件堆栈： 
    at Lazy (<anonymous>)
    at Suspense (<anonymous>)
    at jx (http://localhost:4181/blog/assets/index-Dz9KSOtG.js:61:4290)
    at Zx (http://localhost:4181/blog/assets/index-Dz9KSOtG.js:61:7441)
    at NS (http://localhost:4181/blog/assets/index-Dz9KSOtG.js:61:47939)
    at main (<anonymous>)
    at div (<anonymous>)
    at V7 (http://localhost:4181/blog/assets/index-Dz9KSOtG.js:61:40742)
    at RS (<anonymous>)
    at jx (http://localhost:4181/blog/assets/index-Dz9KSOtG.js:61:4290)
    at eA (http://localhost:4181/blog/assets/index-Dz9KSOtG.js:61:8522)
    at V7 (http://localhost:4181/blog/assets/index-Dz9KSOtG.js:61:40742)
    at au (http://localhost:4181/blog/assets/index-Dz9KSOtG.js:61:32962)
    at Jx (http://localhost:4181/blog/assets/index-Dz9KSOtG.js:61:7629)
    at AA (http://localhost:4181/blog/assets/index-Dz9KSOtG.js:61:17634)
    at Fq (<anonymous>) @ http://localhost:4181/blog/assets/index-Dz9KSOtG.js:60
