[     175ms] [LOG] [posts] 已扫描到文章: 1 篇 @ http://localhost:4209/blog/assets/index-BdrPzwfA.js:167
[     237ms] [LOG] [posts] /posts/algorithm/001-two-sum/index.md → slug: algorithm/two-sum @ http://localhost:4209/blog/assets/index-BdrPzwfA.js:167
[     238ms] [LOG] [posts] /posts/algorithm/001-two-sum/index.md → slug: algorithm/two-sum @ http://localhost:4209/blog/assets/index-BdrPzwfA.js:167
[     290ms] [ERROR] Failed to load resource: the server responded with a status of 404 (Not Found) @ http://localhost:4209/blog/favicon.ico:0
[   17133ms] [LOG] [posts] 已扫描到文章: 1 篇 @ http://localhost:4209/blog/assets/index-BdrPzwfA.js:167
[   17149ms] [LOG] [posts] /posts/algorithm/001-two-sum/index.md → slug: algorithm/two-sum @ http://localhost:4209/blog/assets/index-BdrPzwfA.js:167
[   17150ms] [LOG] [posts] /posts/algorithm/001-two-sum/index.md → slug: algorithm/two-sum @ http://localhost:4209/blog/assets/index-BdrPzwfA.js:167
[   37343ms] [LOG] [posts] 已扫描到文章: 1 篇 @ http://localhost:4209/blog/assets/index-BdrPzwfA.js:167
[   37354ms] [LOG] [posts] /posts/algorithm/001-two-sum/index.md → slug: algorithm/two-sum @ http://localhost:4209/blog/assets/index-BdrPzwfA.js:167
[   37354ms] [LOG] [posts] /posts/algorithm/001-two-sum/index.md → slug: algorithm/two-sum @ http://localhost:4209/blog/assets/index-BdrPzwfA.js:167
[   37959ms] [LOG] [posts] 已扫描到文章: 1 篇 @ http://localhost:4209/blog/assets/index-BdrPzwfA.js:167
[   37965ms] [LOG] [posts] /posts/algorithm/001-two-sum/index.md → slug: algorithm/two-sum @ http://localhost:4209/blog/assets/index-BdrPzwfA.js:167
[   37965ms] [LOG] [posts] /posts/algorithm/001-two-sum/index.md → slug: algorithm/two-sum @ http://localhost:4209/blog/assets/index-BdrPzwfA.js:167
[   38442ms] [LOG] [posts] 已扫描到文章: 1 篇 @ http://localhost:4209/blog/assets/index-BdrPzwfA.js:167
[   38447ms] [LOG] [posts] /posts/algorithm/001-two-sum/index.md → slug: algorithm/two-sum @ http://localhost:4209/blog/assets/index-BdrPzwfA.js:167
[   38447ms] [LOG] [posts] /posts/algorithm/001-two-sum/index.md → slug: algorithm/two-sum @ http://localhost:4209/blog/assets/index-BdrPzwfA.js:167
[   41040ms] [LOG] [posts] /posts/algorithm/001-two-sum/index.md → slug: algorithm/two-sum @ http://localhost:4209/blog/assets/index-BdrPzwfA.js:167
[   41042ms] [LOG] [posts] /posts/algorithm/001-two-sum/index.md → slug: algorithm/two-sum @ http://localhost:4209/blog/assets/index-BdrPzwfA.js:167
[   41044ms] [LOG] [posts] /posts/algorithm/001-two-sum/index.md → slug: algorithm/two-sum @ http://localhost:4209/blog/assets/index-BdrPzwfA.js:167
[   42706ms] [LOG] [posts] /posts/algorithm/001-two-sum/index.md → slug: algorithm/two-sum @ http://localhost:4209/blog/assets/index-BdrPzwfA.js:167
[   42706ms] [LOG] [posts] /posts/algorithm/001-two-sum/index.md → slug: algorithm/two-sum @ http://localhost:4209/blog/assets/index-BdrPzwfA.js:167
