[    8558ms] [ERROR] Failed to load resource: the server responded with a status of 404 (Not Found) @ http://localhost:4173/blog/favicon.ico:0
[   10639ms] [ERROR] Error: Minified React error #306; visit https://react.dev/errors/306?args[]=undefined&args[]= for the full message or use the non-minified dev environment for full errors and additional helpful warnings.
    at Ks (http://localhost:4173/blog/assets/index-DbQBCVSl.js:49:81132)
    at Th (http://localhost:4173/blog/assets/index-DbQBCVSl.js:49:116925)
    at qm (http://localhost:4173/blog/assets/index-DbQBCVSl.js:49:115971)
    at Tr (http://localhost:4173/blog/assets/index-DbQBCVSl.js:49:115803)
    at ph (http://localhost:4173/blog/assets/index-DbQBCVSl.js:49:112601)
    at wh (http://localhost:4173/blog/assets/index-DbQBCVSl.js:49:124386)
    at MessagePort.se (http://localhost:4173/blog/assets/index-DbQBCVSl.js:26:1634) @ http://localhost:4173/blog/assets/index-DbQBCVSl.js:48
[   10639ms] [ERROR] [ErrorBoundary] 捕获到渲染错误： Error: Minified React error #306; visit https://react.dev/errors/306?args[]=undefined&args[]= for the full message or use the non-minified dev environment for full errors and additional helpful warnings.
    at Ks (http://localhost:4173/blog/assets/index-DbQBCVSl.js:49:81132)
    at Th (http://localhost:4173/blog/assets/index-DbQBCVSl.js:49:116925)
    at qm (http://localhost:4173/blog/assets/index-DbQBCVSl.js:49:115971)
    at Tr (http://localhost:4173/blog/assets/index-DbQBCVSl.js:49:115803)
    at ph (http://localhost:4173/blog/assets/index-DbQBCVSl.js:49:112601)
    at wh (http://localhost:4173/blog/assets/index-DbQBCVSl.js:49:124386)
    at MessagePort.se (http://localhost:4173/blog/assets/index-DbQBCVSl.js:26:1634) @ http://localhost:4173/blog/assets/index-DbQBCVSl.js:65
[   10639ms] [ERROR] [ErrorBoundary] 组件堆栈： 
    at Lazy (<anonymous>)
    at Suspense (<anonymous>)
    at Xp (http://localhost:4173/blog/assets/index-DbQBCVSl.js:66:4271)
    at Wp (http://localhost:4173/blog/assets/index-DbQBCVSl.js:66:7410)
    at uv (http://localhost:4173/blog/assets/index-DbQBCVSl.js:66:32938)
    at main (<anonymous>)
    at div (<anonymous>)
    at v0 (http://localhost:4173/blog/assets/index-DbQBCVSl.js:66:28289)
    at iv (<anonymous>)
    at Xp (http://localhost:4173/blog/assets/index-DbQBCVSl.js:66:4271)
    at Pp (http://localhost:4173/blog/assets/index-DbQBCVSl.js:66:8487)
    at v0 (http://localhost:4173/blog/assets/index-DbQBCVSl.js:66:28289)
    at sa (http://localhost:4173/blog/assets/index-DbQBCVSl.js:66:27781)
    at Ip (http://localhost:4173/blog/assets/index-DbQBCVSl.js:66:7598)
    at x1 (http://localhost:4173/blog/assets/index-DbQBCVSl.js:66:17571)
    at ov (<anonymous>) @ http://localhost:4173/blog/assets/index-DbQBCVSl.js:65
[   12127ms] [ERROR] Error: Minified React error #306; visit https://react.dev/errors/306?args[]=undefined&args[]= for the full message or use the non-minified dev environment for full errors and additional helpful warnings.
    at Ks (http://localhost:4173/blog/assets/index-DbQBCVSl.js:49:81132)
    at Th (http://localhost:4173/blog/assets/index-DbQBCVSl.js:49:116925)
    at qm (http://localhost:4173/blog/assets/index-DbQBCVSl.js:49:115971)
    at Tr (http://localhost:4173/blog/assets/index-DbQBCVSl.js:49:115803)
    at ph (http://localhost:4173/blog/assets/index-DbQBCVSl.js:49:112601)
    at wh (http://localhost:4173/blog/assets/index-DbQBCVSl.js:49:124386)
    at MessagePort.se (http://localhost:4173/blog/assets/index-DbQBCVSl.js:26:1634) @ http://localhost:4173/blog/assets/index-DbQBCVSl.js:48
[   12127ms] [ERROR] [ErrorBoundary] 捕获到渲染错误： Error: Minified React error #306; visit https://react.dev/errors/306?args[]=undefined&args[]= for the full message or use the non-minified dev environment for full errors and additional helpful warnings.
    at Ks (http://localhost:4173/blog/assets/index-DbQBCVSl.js:49:81132)
    at Th (http://localhost:4173/blog/assets/index-DbQBCVSl.js:49:116925)
    at qm (http://localhost:4173/blog/assets/index-DbQBCVSl.js:49:115971)
    at Tr (http://localhost:4173/blog/assets/index-DbQBCVSl.js:49:115803)
    at ph (http://localhost:4173/blog/assets/index-DbQBCVSl.js:49:112601)
    at wh (http://localhost:4173/blog/assets/index-DbQBCVSl.js:49:124386)
    at MessagePort.se (http://localhost:4173/blog/assets/index-DbQBCVSl.js:26:1634) @ http://localhost:4173/blog/assets/index-DbQBCVSl.js:65
[   12127ms] [ERROR] [ErrorBoundary] 组件堆栈： 
    at Lazy (<anonymous>)
    at Suspense (<anonymous>)
    at Xp (http://localhost:4173/blog/assets/index-DbQBCVSl.js:66:4271)
    at Wp (http://localhost:4173/blog/assets/index-DbQBCVSl.js:66:7410)
    at uv (http://localhost:4173/blog/assets/index-DbQBCVSl.js:66:32938)
    at main (<anonymous>)
    at div (<anonymous>)
    at v0 (http://localhost:4173/blog/assets/index-DbQBCVSl.js:66:28289)
    at iv (<anonymous>)
    at Xp (http://localhost:4173/blog/assets/index-DbQBCVSl.js:66:4271)
    at Pp (http://localhost:4173/blog/assets/index-DbQBCVSl.js:66:8487)
    at v0 (http://localhost:4173/blog/assets/index-DbQBCVSl.js:66:28289)
    at sa (http://localhost:4173/blog/assets/index-DbQBCVSl.js:66:27781)
    at Ip (http://localhost:4173/blog/assets/index-DbQBCVSl.js:66:7598)
    at x1 (http://localhost:4173/blog/assets/index-DbQBCVSl.js:66:17571)
    at ov (<anonymous>) @ http://localhost:4173/blog/assets/index-DbQBCVSl.js:65
