[     305ms] [ERROR] Error: Minified React error #306; visit https://react.dev/errors/306?args[]=undefined&args[]= for the full message or use the non-minified dev environment for full errors and additional helpful warnings.
    at Ks (http://localhost:4174/blog/assets/index-DbQBCVSl.js:49:81132)
    at Th (http://localhost:4174/blog/assets/index-DbQBCVSl.js:49:116925)
    at qm (http://localhost:4174/blog/assets/index-DbQBCVSl.js:49:115971)
    at Tr (http://localhost:4174/blog/assets/index-DbQBCVSl.js:49:115803)
    at ph (http://localhost:4174/blog/assets/index-DbQBCVSl.js:49:112601)
    at wh (http://localhost:4174/blog/assets/index-DbQBCVSl.js:49:124386)
    at MessagePort.se (http://localhost:4174/blog/assets/index-DbQBCVSl.js:26:1634) @ http://localhost:4174/blog/assets/index-DbQBCVSl.js:48
[     305ms] [ERROR] [ErrorBoundary] 捕获到渲染错误： Error: Minified React error #306; visit https://react.dev/errors/306?args[]=undefined&args[]= for the full message or use the non-minified dev environment for full errors and additional helpful warnings.
    at Ks (http://localhost:4174/blog/assets/index-DbQBCVSl.js:49:81132)
    at Th (http://localhost:4174/blog/assets/index-DbQBCVSl.js:49:116925)
    at qm (http://localhost:4174/blog/assets/index-DbQBCVSl.js:49:115971)
    at Tr (http://localhost:4174/blog/assets/index-DbQBCVSl.js:49:115803)
    at ph (http://localhost:4174/blog/assets/index-DbQBCVSl.js:49:112601)
    at wh (http://localhost:4174/blog/assets/index-DbQBCVSl.js:49:124386)
    at MessagePort.se (http://localhost:4174/blog/assets/index-DbQBCVSl.js:26:1634) @ http://localhost:4174/blog/assets/index-DbQBCVSl.js:65
[     305ms] [ERROR] [ErrorBoundary] 组件堆栈： 
    at Lazy (<anonymous>)
    at Suspense (<anonymous>)
    at Xp (http://localhost:4174/blog/assets/index-DbQBCVSl.js:66:4271)
    at Wp (http://localhost:4174/blog/assets/index-DbQBCVSl.js:66:7410)
    at uv (http://localhost:4174/blog/assets/index-DbQBCVSl.js:66:32938)
    at main (<anonymous>)
    at div (<anonymous>)
    at v0 (http://localhost:4174/blog/assets/index-DbQBCVSl.js:66:28289)
    at iv (<anonymous>)
    at Xp (http://localhost:4174/blog/assets/index-DbQBCVSl.js:66:4271)
    at Pp (http://localhost:4174/blog/assets/index-DbQBCVSl.js:66:8487)
    at v0 (http://localhost:4174/blog/assets/index-DbQBCVSl.js:66:28289)
    at sa (http://localhost:4174/blog/assets/index-DbQBCVSl.js:66:27781)
    at Ip (http://localhost:4174/blog/assets/index-DbQBCVSl.js:66:7598)
    at x1 (http://localhost:4174/blog/assets/index-DbQBCVSl.js:66:17571)
    at ov (<anonymous>) @ http://localhost:4174/blog/assets/index-DbQBCVSl.js:65
[   92392ms] [ERROR] Error: Minified React error #306; visit https://react.dev/errors/306?args[]=undefined&args[]= for the full message or use the non-minified dev environment for full errors and additional helpful warnings.
    at Hs (http://localhost:4174/blog/assets/index-Bo1UPsxE.js:49:81078)
    at od (http://localhost:4174/blog/assets/index-Bo1UPsxE.js:49:116870)
    at Ny (http://localhost:4174/blog/assets/index-Bo1UPsxE.js:49:115916)
    at cf (http://localhost:4174/blog/assets/index-Bo1UPsxE.js:49:115748)
    at ud (http://localhost:4174/blog/assets/index-Bo1UPsxE.js:49:112546)
    at zd (http://localhost:4174/blog/assets/index-Bo1UPsxE.js:49:124331)
    at MessagePort.me (http://localhost:4174/blog/assets/index-Bo1UPsxE.js:26:1609) @ http://localhost:4174/blog/assets/index-Bo1UPsxE.js:48
[   92392ms] [ERROR] [ErrorBoundary] 捕获到渲染错误： Error: Minified React error #306; visit https://react.dev/errors/306?args[]=undefined&args[]= for the full message or use the non-minified dev environment for full errors and additional helpful warnings.
    at Hs (http://localhost:4174/blog/assets/index-Bo1UPsxE.js:49:81078)
    at od (http://localhost:4174/blog/assets/index-Bo1UPsxE.js:49:116870)
    at Ny (http://localhost:4174/blog/assets/index-Bo1UPsxE.js:49:115916)
    at cf (http://localhost:4174/blog/assets/index-Bo1UPsxE.js:49:115748)
    at ud (http://localhost:4174/blog/assets/index-Bo1UPsxE.js:49:112546)
    at zd (http://localhost:4174/blog/assets/index-Bo1UPsxE.js:49:124331)
    at MessagePort.me (http://localhost:4174/blog/assets/index-Bo1UPsxE.js:26:1609) @ http://localhost:4174/blog/assets/index-Bo1UPsxE.js:60
[   92393ms] [ERROR] [ErrorBoundary] 组件堆栈： 
    at Lazy (<anonymous>)
    at Suspense (<anonymous>)
    at Uv (http://localhost:4174/blog/assets/index-Bo1UPsxE.js:61:4271)
    at Xv (http://localhost:4174/blog/assets/index-Bo1UPsxE.js:61:7410)
    at kg (http://localhost:4174/blog/assets/index-Bo1UPsxE.js:61:32913)
    at main (<anonymous>)
    at div (<anonymous>)
    at lm (http://localhost:4174/blog/assets/index-Bo1UPsxE.js:61:28280)
    at Wg (<anonymous>)
    at Uv (http://localhost:4174/blog/assets/index-Bo1UPsxE.js:61:4271)
    at Zv (http://localhost:4174/blog/assets/index-Bo1UPsxE.js:61:8487)
    at lm (http://localhost:4174/blog/assets/index-Bo1UPsxE.js:61:28280)
    at Fl (http://localhost:4174/blog/assets/index-Bo1UPsxE.js:61:27772)
    at Qv (http://localhost:4174/blog/assets/index-Bo1UPsxE.js:61:7598)
    at hg (http://localhost:4174/blog/assets/index-Bo1UPsxE.js:61:17571)
    at t1 (<anonymous>) @ http://localhost:4174/blog/assets/index-Bo1UPsxE.js:60
