[     103ms] [ERROR] Failed to load resource: the server responded with a status of 404 (Not Found) @ http://localhost:4175/blog/favicon.ico:0
[     389ms] [ERROR] Error: Minified React error #306; visit https://react.dev/errors/306?args[]=undefined&args[]= for the full message or use the non-minified dev environment for full errors and additional helpful warnings.
    at Hs (http://localhost:4175/blog/assets/index-Bo1UPsxE.js:49:81078)
    at od (http://localhost:4175/blog/assets/index-Bo1UPsxE.js:49:116870)
    at Ny (http://localhost:4175/blog/assets/index-Bo1UPsxE.js:49:115916)
    at cf (http://localhost:4175/blog/assets/index-Bo1UPsxE.js:49:115748)
    at ud (http://localhost:4175/blog/assets/index-Bo1UPsxE.js:49:112546)
    at zd (http://localhost:4175/blog/assets/index-Bo1UPsxE.js:49:124331)
    at MessagePort.me (http://localhost:4175/blog/assets/index-Bo1UPsxE.js:26:1609) @ http://localhost:4175/blog/assets/index-Bo1UPsxE.js:48
[     389ms] [ERROR] [ErrorBoundary] 捕获到渲染错误： Error: Minified React error #306; visit https://react.dev/errors/306?args[]=undefined&args[]= for the full message or use the non-minified dev environment for full errors and additional helpful warnings.
    at Hs (http://localhost:4175/blog/assets/index-Bo1UPsxE.js:49:81078)
    at od (http://localhost:4175/blog/assets/index-Bo1UPsxE.js:49:116870)
    at Ny (http://localhost:4175/blog/assets/index-Bo1UPsxE.js:49:115916)
    at cf (http://localhost:4175/blog/assets/index-Bo1UPsxE.js:49:115748)
    at ud (http://localhost:4175/blog/assets/index-Bo1UPsxE.js:49:112546)
    at zd (http://localhost:4175/blog/assets/index-Bo1UPsxE.js:49:124331)
    at MessagePort.me (http://localhost:4175/blog/assets/index-Bo1UPsxE.js:26:1609) @ http://localhost:4175/blog/assets/index-Bo1UPsxE.js:60
[     389ms] [ERROR] [ErrorBoundary] 组件堆栈： 
    at Lazy (<anonymous>)
    at Suspense (<anonymous>)
    at Uv (http://localhost:4175/blog/assets/index-Bo1UPsxE.js:61:4271)
    at Xv (http://localhost:4175/blog/assets/index-Bo1UPsxE.js:61:7410)
    at kg (http://localhost:4175/blog/assets/index-Bo1UPsxE.js:61:32913)
    at main (<anonymous>)
    at div (<anonymous>)
    at lm (http://localhost:4175/blog/assets/index-Bo1UPsxE.js:61:28280)
    at Wg (<anonymous>)
    at Uv (http://localhost:4175/blog/assets/index-Bo1UPsxE.js:61:4271)
    at Zv (http://localhost:4175/blog/assets/index-Bo1UPsxE.js:61:8487)
    at lm (http://localhost:4175/blog/assets/index-Bo1UPsxE.js:61:28280)
    at Fl (http://localhost:4175/blog/assets/index-Bo1UPsxE.js:61:27772)
    at Qv (http://localhost:4175/blog/assets/index-Bo1UPsxE.js:61:7598)
    at hg (http://localhost:4175/blog/assets/index-Bo1UPsxE.js:61:17571)
    at t1 (<anonymous>) @ http://localhost:4175/blog/assets/index-Bo1UPsxE.js:60
[    2232ms] [ERROR] Error: Minified React error #306; visit https://react.dev/errors/306?args[]=undefined&args[]= for the full message or use the non-minified dev environment for full errors and additional helpful warnings.
    at Hs (http://localhost:4175/blog/assets/index-Bo1UPsxE.js:49:81078)
    at od (http://localhost:4175/blog/assets/index-Bo1UPsxE.js:49:116870)
    at Ny (http://localhost:4175/blog/assets/index-Bo1UPsxE.js:49:115916)
    at cf (http://localhost:4175/blog/assets/index-Bo1UPsxE.js:49:115748)
    at ud (http://localhost:4175/blog/assets/index-Bo1UPsxE.js:49:112546)
    at zd (http://localhost:4175/blog/assets/index-Bo1UPsxE.js:49:124331)
    at MessagePort.me (http://localhost:4175/blog/assets/index-Bo1UPsxE.js:26:1609) @ http://localhost:4175/blog/assets/index-Bo1UPsxE.js:48
[    2233ms] [ERROR] [ErrorBoundary] 捕获到渲染错误： Error: Minified React error #306; visit https://react.dev/errors/306?args[]=undefined&args[]= for the full message or use the non-minified dev environment for full errors and additional helpful warnings.
    at Hs (http://localhost:4175/blog/assets/index-Bo1UPsxE.js:49:81078)
    at od (http://localhost:4175/blog/assets/index-Bo1UPsxE.js:49:116870)
    at Ny (http://localhost:4175/blog/assets/index-Bo1UPsxE.js:49:115916)
    at cf (http://localhost:4175/blog/assets/index-Bo1UPsxE.js:49:115748)
    at ud (http://localhost:4175/blog/assets/index-Bo1UPsxE.js:49:112546)
    at zd (http://localhost:4175/blog/assets/index-Bo1UPsxE.js:49:124331)
    at MessagePort.me (http://localhost:4175/blog/assets/index-Bo1UPsxE.js:26:1609) @ http://localhost:4175/blog/assets/index-Bo1UPsxE.js:60
[    2233ms] [ERROR] [ErrorBoundary] 组件堆栈： 
    at Lazy (<anonymous>)
    at Suspense (<anonymous>)
    at Uv (http://localhost:4175/blog/assets/index-Bo1UPsxE.js:61:4271)
    at Xv (http://localhost:4175/blog/assets/index-Bo1UPsxE.js:61:7410)
    at kg (http://localhost:4175/blog/assets/index-Bo1UPsxE.js:61:32913)
    at main (<anonymous>)
    at div (<anonymous>)
    at lm (http://localhost:4175/blog/assets/index-Bo1UPsxE.js:61:28280)
    at Wg (<anonymous>)
    at Uv (http://localhost:4175/blog/assets/index-Bo1UPsxE.js:61:4271)
    at Zv (http://localhost:4175/blog/assets/index-Bo1UPsxE.js:61:8487)
    at lm (http://localhost:4175/blog/assets/index-Bo1UPsxE.js:61:28280)
    at Fl (http://localhost:4175/blog/assets/index-Bo1UPsxE.js:61:27772)
    at Qv (http://localhost:4175/blog/assets/index-Bo1UPsxE.js:61:7598)
    at hg (http://localhost:4175/blog/assets/index-Bo1UPsxE.js:61:17571)
    at t1 (<anonymous>) @ http://localhost:4175/blog/assets/index-Bo1UPsxE.js:60
[   10648ms] [ERROR] Error: Minified React error #306; visit https://react.dev/errors/306?args[]=undefined&args[]= for the full message or use the non-minified dev environment for full errors and additional helpful warnings.
    at Hs (http://localhost:4175/blog/assets/index-Bo1UPsxE.js:49:81078)
    at od (http://localhost:4175/blog/assets/index-Bo1UPsxE.js:49:116870)
    at Ny (http://localhost:4175/blog/assets/index-Bo1UPsxE.js:49:115916)
    at cf (http://localhost:4175/blog/assets/index-Bo1UPsxE.js:49:115748)
    at ud (http://localhost:4175/blog/assets/index-Bo1UPsxE.js:49:112546)
    at zd (http://localhost:4175/blog/assets/index-Bo1UPsxE.js:49:124331)
    at MessagePort.me (http://localhost:4175/blog/assets/index-Bo1UPsxE.js:26:1609) @ http://localhost:4175/blog/assets/index-Bo1UPsxE.js:48
[   10648ms] [ERROR] [ErrorBoundary] 捕获到渲染错误： Error: Minified React error #306; visit https://react.dev/errors/306?args[]=undefined&args[]= for the full message or use the non-minified dev environment for full errors and additional helpful warnings.
    at Hs (http://localhost:4175/blog/assets/index-Bo1UPsxE.js:49:81078)
    at od (http://localhost:4175/blog/assets/index-Bo1UPsxE.js:49:116870)
    at Ny (http://localhost:4175/blog/assets/index-Bo1UPsxE.js:49:115916)
    at cf (http://localhost:4175/blog/assets/index-Bo1UPsxE.js:49:115748)
    at ud (http://localhost:4175/blog/assets/index-Bo1UPsxE.js:49:112546)
    at zd (http://localhost:4175/blog/assets/index-Bo1UPsxE.js:49:124331)
    at MessagePort.me (http://localhost:4175/blog/assets/index-Bo1UPsxE.js:26:1609) @ http://localhost:4175/blog/assets/index-Bo1UPsxE.js:60
[   10648ms] [ERROR] [ErrorBoundary] 组件堆栈： 
    at Lazy (<anonymous>)
    at Suspense (<anonymous>)
    at Uv (http://localhost:4175/blog/assets/index-Bo1UPsxE.js:61:4271)
    at Xv (http://localhost:4175/blog/assets/index-Bo1UPsxE.js:61:7410)
    at kg (http://localhost:4175/blog/assets/index-Bo1UPsxE.js:61:32913)
    at main (<anonymous>)
    at div (<anonymous>)
    at lm (http://localhost:4175/blog/assets/index-Bo1UPsxE.js:61:28280)
    at Wg (<anonymous>)
    at Uv (http://localhost:4175/blog/assets/index-Bo1UPsxE.js:61:4271)
    at Zv (http://localhost:4175/blog/assets/index-Bo1UPsxE.js:61:8487)
    at lm (http://localhost:4175/blog/assets/index-Bo1UPsxE.js:61:28280)
    at Fl (http://localhost:4175/blog/assets/index-Bo1UPsxE.js:61:27772)
    at Qv (http://localhost:4175/blog/assets/index-Bo1UPsxE.js:61:7598)
    at hg (http://localhost:4175/blog/assets/index-Bo1UPsxE.js:61:17571)
    at t1 (<anonymous>) @ http://localhost:4175/blog/assets/index-Bo1UPsxE.js:60
[   26270ms] [ERROR] Error: Minified React error #306; visit https://react.dev/errors/306?args[]=undefined&args[]= for the full message or use the non-minified dev environment for full errors and additional helpful warnings.
    at Hs (http://localhost:4175/blog/assets/index-Vz2GpRV4.js:48:81078)
    at od (http://localhost:4175/blog/assets/index-Vz2GpRV4.js:48:116870)
    at Ny (http://localhost:4175/blog/assets/index-Vz2GpRV4.js:48:115916)
    at cf (http://localhost:4175/blog/assets/index-Vz2GpRV4.js:48:115748)
    at ud (http://localhost:4175/blog/assets/index-Vz2GpRV4.js:48:112546)
    at zd (http://localhost:4175/blog/assets/index-Vz2GpRV4.js:48:124331)
    at MessagePort.me (http://localhost:4175/blog/assets/index-Vz2GpRV4.js:25:1609) @ http://localhost:4175/blog/assets/index-Vz2GpRV4.js:47
[   26270ms] [ERROR] [ErrorBoundary] 捕获到渲染错误： Error: Minified React error #306; visit https://react.dev/errors/306?args[]=undefined&args[]= for the full message or use the non-minified dev environment for full errors and additional helpful warnings.
    at Hs (http://localhost:4175/blog/assets/index-Vz2GpRV4.js:48:81078)
    at od (http://localhost:4175/blog/assets/index-Vz2GpRV4.js:48:116870)
    at Ny (http://localhost:4175/blog/assets/index-Vz2GpRV4.js:48:115916)
    at cf (http://localhost:4175/blog/assets/index-Vz2GpRV4.js:48:115748)
    at ud (http://localhost:4175/blog/assets/index-Vz2GpRV4.js:48:112546)
    at zd (http://localhost:4175/blog/assets/index-Vz2GpRV4.js:48:124331)
    at MessagePort.me (http://localhost:4175/blog/assets/index-Vz2GpRV4.js:25:1609) @ http://localhost:4175/blog/assets/index-Vz2GpRV4.js:59
[   26271ms] [ERROR] [ErrorBoundary] 组件堆栈： 
    at Lazy (<anonymous>)
    at Suspense (<anonymous>)
    at Uv (http://localhost:4175/blog/assets/index-Vz2GpRV4.js:60:4271)
    at Xv (http://localhost:4175/blog/assets/index-Vz2GpRV4.js:60:7410)
    at kg (http://localhost:4175/blog/assets/index-Vz2GpRV4.js:60:32913)
    at main (<anonymous>)
    at div (<anonymous>)
    at lm (http://localhost:4175/blog/assets/index-Vz2GpRV4.js:60:28280)
    at Wg (<anonymous>)
    at Uv (http://localhost:4175/blog/assets/index-Vz2GpRV4.js:60:4271)
    at Zv (http://localhost:4175/blog/assets/index-Vz2GpRV4.js:60:8487)
    at lm (http://localhost:4175/blog/assets/index-Vz2GpRV4.js:60:28280)
    at Fl (http://localhost:4175/blog/assets/index-Vz2GpRV4.js:60:27772)
    at Qv (http://localhost:4175/blog/assets/index-Vz2GpRV4.js:60:7598)
    at hg (http://localhost:4175/blog/assets/index-Vz2GpRV4.js:60:17571)
    at t1 (<anonymous>) @ http://localhost:4175/blog/assets/index-Vz2GpRV4.js:59
